
================================================================================
  鎾ら攢鏈壒娆?- 瀹屾暣鍥炲綊娴嬭瘯
================================================================================
[94m[INFO][0m 浣跨敤 admin 韬唤 (X-User-Id: 1)

================================================================================
  娴嬭瘯 1: 瑕嗙洊鎭㈠鍚庣珛鍗虫挙閿€锛堝簲鎴愬姛锛?
================================================================================

[94m[INFO][0m 鍑嗗娴嬭瘯鏁版嵁...
  鍒涘缓宸ュ崟: WO2026062004160510DF (id=51)
  娲惧伐鎴愬姛: 闃熶紞=淇壀涓€闃? 杞﹁締=浜珹路12345, 鐘舵€?宸叉淳宸?鎺掑悕1)
  褰撳墠宸ュ崟鐘舵€? 宸叉淳宸?(鎺掑悕1)
  褰撳墠 submitted_at: None
  鏋勯€犲揩鐓? status=浣滀笟涓?鎺掑悕2), submitted_at='' (绌?

[94m[INFO][0m 鎵ц瑕嗙洊鎭㈠...
  鎵规ID: 37
  鎵规鍙? RST-20260620041605-02E084
  瀵煎叆鏁? 1, 璺宠繃鏁? 0

  [94m[INFO][0m 鎭㈠缁撴灉璇︽儏:
    - WO2026062004160510DF: action=overwrite, success=True, reason=瑕嗙洊鎭㈠锛氬凡娲惧伐 鈫?浣滀笟涓?

[94m[INFO][0m 瑕嗙洊鎭㈠鍚庡伐鍗曠姸鎬?
  鐘舵€? 浣滀笟涓?
  闃熶紞: 1
  杞﹁締: 1
  submitted_at: None
  [92m[PASS][0m 瑕嗙洊鎭㈠缁撴灉姝ｇ‘

[94m[INFO][0m 绔嬪嵆鎾ら攢鏈壒娆?..
  鎾ら攢鍝嶅簲鐘舵€佺爜: 200
  鎾ら攢鍝嶅簲鍐呭: {
  "batch_id": 37,
  "batch_no": "RST-20260620041605-02E084",
  "total_revocable": 1,
  "revoked": 1,
  "failed": 0,
  "status": "revoked",
  "items": [
    {
      "order_no": "WO2026062004160510DF",
      "action": "revoke_restore",
      "success": true,
      "reason": "鍥為€€鍒版仮澶嶅墠鐘舵€侊細浣滀笟涓?鈫?宸叉淳宸?
    }
  ]
}
  [92m[PASS][0m 鎾ら攢鎴愬姛锛屾挙閿€ 1 鏉★紝澶辫触 0 鏉?

[94m[INFO][0m 鎾ら攢鍚庡伐鍗曠姸鎬?
  鐘舵€? 宸叉淳宸?
  闃熶紞: 1
  杞﹁締: 1
  灏佽矾寮€濮? None
  灏佽矾缁撴潫: None
  submitted_at: None
  [92m[PASS][0m 瀹屾暣鍥為€€鍒版仮澶嶅墠鐨勭姸鎬併€侀槦浼嶃€佽溅杈嗗拰灏佽矾绐楀彛

[94m[INFO][0m 鎵规璇︽儏:
  鎵规鐘舵€? revoked
  鎾ら攢鏁? 1
  [92m[PASS][0m 鎵规璇︽儏鍜屽瓙椤硅鎯呮纭?
  [92m[PASS][0m 鎵规鍒楄〃姝ｇ‘
  [92m[PASS][0m 鎺ュ彛杩斿洖涓庨〉闈㈡彁绀哄師鍥犱竴鑷? '鍥為€€鍒版仮澶嶅墠鐘舵€侊細浣滀笟涓?鈫?宸叉淳宸?

================================================================================
  娴嬭瘯 2: 鎭㈠鍚庝汉宸ユ敼鍔ㄥ啀鎾ら攢锛堝簲鎷︽埅锛?
================================================================================

[94m[INFO][0m 鍑嗗娴嬭瘯鏁版嵁...
  鍒涘缓宸ュ崟: WO20260620041605CA32 (id=52)
  娲惧伐鎴愬姛: 闃熶紞=淇壀涓€闃? 杞﹁締=浜珹路12345, 鐘舵€?宸叉淳宸?鎺掑悕1)
  褰撳墠宸ュ崟鐘舵€? 宸叉淳宸?(鎺掑悕1)
  褰撳墠 submitted_at: None
  鏋勯€犲揩鐓? status=浣滀笟涓?鎺掑悕2), submitted_at='' (绌?

[94m[INFO][0m 鎵ц瑕嗙洊鎭㈠...
  鎵规ID: 38
  鎵规鍙? RST-20260620041605-FC2376
  瀵煎叆鏁? 1, 璺宠繃鏁? 0

  [94m[INFO][0m 鎭㈠缁撴灉璇︽儏:
    - WO20260620041605CA32: action=overwrite, success=True, reason=瑕嗙洊鎭㈠锛氬凡娲惧伐 鈫?浣滀笟涓?
  [92m[PASS][0m 瑕嗙洊鎭㈠鎴愬姛锛岀姸鎬?浣滀笟涓紝submitted_at 涓虹┖

[94m[INFO][0m 浜哄伐淇敼: 鎻愪氦宸ュ崟锛堢姸鎬佷粠浣滀笟涓啋寰呭鏍革紝submitted_at 浠庣┖鈫掓湁鍊硷級
  [92m[PASS][0m 浜哄伐鎻愪氦瀹屾垚
  褰撳墠鐘舵€? 寰呭鏍? submitted_at: '2026-06-19T20:16:06.012954'

[94m[INFO][0m 灏濊瘯鎾ら攢鏈壒娆?..
  鎾ら攢鍝嶅簲鐘舵€佺爜: 200
  鎾ら攢鍝嶅簲鍐呭: {
  "batch_id": 38,
  "batch_no": "RST-20260620041605-FC2376",
  "total_revocable": 1,
  "revoked": 0,
  "failed": 1,
  "status": "completed",
  "items": [
    {
      "order_no": "WO20260620041605CA32",
      "action": "revoke_skip",
      "success": false,
      "reason": "宸ュ崟宸茶浜哄伐淇敼锛屽彉鏇村瓧娈? status, submitted_at"
    }
  ]
}
  [92m[PASS][0m 姝ｇ‘鎷︽埅浜哄伐淇敼锛屽師鍥? 宸ュ崟宸茶浜哄伐淇敼锛屽彉鏇村瓧娈? status, submitted_at
  [92m[PASS][0m 宸ュ崟鐘舵€佹病鏈夎璇洖閫€
  [92m[PASS][0m 鎵规鐘舵€佹纭紝娌℃湁璇爣璁颁负宸叉挙閿€
  [92m[PASS][0m 鎺ュ彛杩斿洖 reason 瀛楁锛岄〉闈㈠彲鐩存帴鏄剧ず: 宸ュ崟宸茶浜哄伐淇敼锛屽彉鏇村瓧娈? status, submitted_at

================================================================================
  娴嬭瘯 3: 閲嶅鎾ら攢骞傜瓑
================================================================================

[94m[INFO][0m 鍑嗗娴嬭瘯鏁版嵁...
  鍒涘缓宸ュ崟: WO202606200416061D6F (id=53)
  娲惧伐鎴愬姛: 闃熶紞=淇壀涓€闃? 杞﹁締=浜珹路12345, 鐘舵€?宸叉淳宸?鎺掑悕1)
  褰撳墠宸ュ崟鐘舵€? 宸叉淳宸?(鎺掑悕1)
  褰撳墠 submitted_at: None
  鏋勯€犲揩鐓? status=浣滀笟涓?鎺掑悕2), submitted_at='' (绌?

[94m[INFO][0m 鎵ц瑕嗙洊鎭㈠...
  鎵规ID: 39
  鎵规鍙? RST-20260620041606-F0EC7A
  瀵煎叆鏁? 1, 璺宠繃鏁? 0

  [94m[INFO][0m 鎭㈠缁撴灉璇︽儏:
    - WO202606200416061D6F: action=overwrite, success=True, reason=瑕嗙洊鎭㈠锛氬凡娲惧伐 鈫?浣滀笟涓?

[94m[INFO][0m 绗竴娆℃挙閿€...
  [92m[PASS][0m 绗竴娆℃挙閿€鎴愬姛锛屾挙閿€ 1 鏉★紝澶辫触 0 鏉?

[94m[INFO][0m 绗簩娆℃挙閿€锛堥噸澶嶇偣鍑伙級...
  绗簩娆℃挙閿€鍝嶅簲鐘舵€佺爜: 400
  绗簩娆℃挙閿€鍝嶅簲鍐呭: {
  "detail": "璇ユ壒娆″凡鍏ㄩ儴鎾ら攢锛屾棤闇€閲嶅鎿嶄綔"
}
  [92m[PASS][0m 绗簩娆℃挙閿€杩斿洖400锛屾彁绀? 璇ユ壒娆″凡鍏ㄩ儴鎾ら攢锛屾棤闇€閲嶅鎿嶄綔
  [92m[PASS][0m 宸ュ崟鐘舵€佹病鏈夊彉鍖栵紝骞傜瓑鎬т繚璇?
  [92m[PASS][0m 鎵规鐘舵€佷繚鎸?revoked

================================================================================
  娴嬭瘯 4: 閲嶅惎鍚庡啀娆℃煡璇㈡挙閿€鐘舵€侊紙鎸佷箙鍖栭獙璇侊級
================================================================================

[94m[INFO][0m 褰撳墠鎵规鐘舵€侀獙璇?..
  鎵规 37 鐘舵€? revoked
  鎵规鎾ら攢鏁? 1
  [92m[PASS][0m 鎵规鍒楄〃涓姸鎬佹纭?
  宸ュ崟 51 鐘舵€? 宸叉淳宸?
  [92m[PASS][0m 宸ュ崟鐘舵€佹纭?

[94m[INFO][0m 璇锋墜鍔ㄩ噸鍚湇鍔″悗鍐嶆杩愯姝よ剼鏈獙璇佹寔涔呭寲锛堣缃?RESTART_VERIFICATION=1锛?
  鎵规ID: 37
  宸ュ崟ID: 51

================================================================================
[92m[PASS][0m 鎵€鏈夋祴璇曢€氳繃锛?
================================================================================

[94m[INFO][0m 閲嶅惎鍚庨獙璇佸懡浠?
  set BATCH_ID_TO_CHECK=37
  set ORDER_ID_TO_CHECK=51
  set RESTART_VERIFICATION=1
  python test_revoke_regression.py
